// Bun Snapshot v1, https://bun.sh/docs/test/snapshots

exports[`menuItemsConfig snapshot flattened menu structure (titles, hrefs, order, nesting) is unchanged 1`] = `
[
  {
    "depth": 0,
    "href": "/overview",
    "section": "main",
    "title": "Overview",
  },
  {
    "depth": 0,
    "href": "/postgres/queries",
    "section": "main",
    "title": "Query Insights",
  },
  {
    "depth": 0,
    "href": "/postgres/activity",
    "section": "main",
    "title": "Running Queries",
  },
  {
    "depth": 0,
    "href": "",
    "section": "main",
    "title": "AI Agent",
  },
  {
    "depth": 1,
    "href": "/agents",
    "section": undefined,
    "title": "Chat",
  },
  {
    "depth": 1,
    "href": "/agents/settings",
    "section": undefined,
    "title": "Agent Settings",
  },
  {
    "depth": 1,
    "href": "/mcp",
    "section": undefined,
    "title": "MCP Server",
  },
  {
    "depth": 0,
    "href": "",
    "section": "main",
    "title": "Insights",
  },
  {
    "depth": 1,
    "href": "/insights",
    "section": undefined,
    "title": "Insights",
  },
  {
    "depth": 1,
    "href": "/insights-settings",
    "section": undefined,
    "title": "Insights Settings",
  },
  {
    "depth": 1,
    "href": "/report-settings",
    "section": undefined,
    "title": "Scheduled Reports",
  },
  {
    "depth": 0,
    "href": "",
    "section": "main",
    "title": "Health",
  },
  {
    "depth": 1,
    "href": "/health",
    "section": undefined,
    "title": "Health",
  },
  {
    "depth": 1,
    "href": "/health-settings",
    "section": undefined,
    "title": "Health Settings",
  },
  {
    "depth": 1,
    "href": "/alert-settings",
    "section": undefined,
    "title": "Alert Settings",
  },
  {
    "depth": 0,
    "href": "/traffic",
    "section": "main",
    "title": "Traffic",
  },
  {
    "depth": 0,
    "href": "/inbound-events",
    "section": "others",
    "title": "Inbound Events",
  },
  {
    "depth": 0,
    "href": "",
    "section": "main",
    "title": "Queries",
  },
  {
    "depth": 1,
    "href": "/running-queries",
    "section": undefined,
    "title": "Running Queries",
  },
  {
    "depth": 1,
    "href": "/history-queries",
    "section": undefined,
    "title": "History Queries",
  },
  {
    "depth": 1,
    "href": "/queries/insights",
    "section": undefined,
    "title": "Query Insights",
  },
  {
    "depth": 1,
    "href": "/recent-queries",
    "section": undefined,
    "title": "Recent Queries",
  },
  {
    "depth": 1,
    "href": "/failed-queries",
    "section": undefined,
    "title": "Failed Queries",
  },
  {
    "depth": 1,
    "href": "/expensive-queries",
    "section": undefined,
    "title": "Most Expensive Queries",
  },
  {
    "depth": 1,
    "href": "/slow-queries",
    "section": undefined,
    "title": "Slow Queries",
  },
  {
    "depth": 1,
    "href": "/slow-query-patterns",
    "section": undefined,
    "title": "Slow Query Patterns",
  },
  {
    "depth": 1,
    "href": "/explain",
    "section": undefined,
    "title": "Explain",
  },
  {
    "depth": 1,
    "href": "/advisor",
    "section": undefined,
    "title": "Advisor",
  },
  {
    "depth": 1,
    "href": "/query-views-log",
    "section": undefined,
    "title": "Query Views Log",
  },
  {
    "depth": 1,
    "href": "/queries/thread-analysis",
    "section": undefined,
    "title": "Thread & Parallelization",
  },
  {
    "depth": 1,
    "href": "/user-processes",
    "section": undefined,
    "title": "User Processes",
  },
  {
    "depth": 1,
    "href": "/query-metric-log",
    "section": undefined,
    "title": "Query Metric Log",
  },
  {
    "depth": 1,
    "href": "/query-cache",
    "section": undefined,
    "title": "Query Cache",
  },
  {
    "depth": 1,
    "href": "/query-condition-cache",
    "section": undefined,
    "title": "Query Condition Cache",
  },
  {
    "depth": 0,
    "href": "/tables",
    "section": "main",
    "title": "Tables",
  },
  {
    "depth": 1,
    "href": "/explorer",
    "section": undefined,
    "title": "Data Explorer",
  },
  {
    "depth": 1,
    "href": "/sql",
    "section": undefined,
    "title": "SQL Console",
  },
  {
    "depth": 1,
    "href": "/tables-overview",
    "section": undefined,
    "title": "Tables Overview",
  },
  {
    "depth": 1,
    "href": "/distributed-ddl-queue",
    "section": undefined,
    "title": "DDL Queue",
  },
  {
    "depth": 1,
    "href": "/replicas",
    "section": undefined,
    "title": "Table Replicas",
  },
  {
    "depth": 1,
    "href": "/replication-queue",
    "section": undefined,
    "title": "Replication Queue",
  },
  {
    "depth": 1,
    "href": "/replicated-fetches",
    "section": undefined,
    "title": "Replicated Fetches",
  },
  {
    "depth": 1,
    "href": "/readonly-tables",
    "section": undefined,
    "title": "Readonly Tables",
  },
  {
    "depth": 1,
    "href": "/dropped-tables",
    "section": undefined,
    "title": "Dropped Tables",
  },
  {
    "depth": 1,
    "href": "/dictionaries",
    "section": undefined,
    "title": "Dictionaries",
  },
  {
    "depth": 1,
    "href": "/kafka-consumers",
    "section": undefined,
    "title": "Kafka Consumers",
  },
  {
    "depth": 1,
    "href": "/rabbitmq-consumers",
    "section": undefined,
    "title": "RabbitMQ Consumers",
  },
  {
    "depth": 1,
    "href": "/asynchronous-inserts",
    "section": undefined,
    "title": "Async Inserts",
  },
  {
    "depth": 1,
    "href": "/detached-parts",
    "section": undefined,
    "title": "Detached Parts",
  },
  {
    "depth": 1,
    "href": "/view-refreshes",
    "section": undefined,
    "title": "View Refreshes",
  },
  {
    "depth": 1,
    "href": "/index-analytics",
    "section": undefined,
    "title": "Index & Projection Analytics",
  },
  {
    "depth": 0,
    "href": "/merges",
    "section": "main",
    "title": "Merges",
  },
  {
    "depth": 1,
    "href": "/merges",
    "section": undefined,
    "title": "Merges",
  },
  {
    "depth": 1,
    "href": "/merge-performance",
    "section": undefined,
    "title": "Merge Performance",
  },
  {
    "depth": 1,
    "href": "/mutations",
    "section": undefined,
    "title": "Mutations",
  },
  {
    "depth": 1,
    "href": "/moves",
    "section": undefined,
    "title": "Moves",
  },
  {
    "depth": 1,
    "href": "/part-log",
    "section": undefined,
    "title": "Part Log",
  },
  {
    "depth": 0,
    "href": "",
    "section": "main",
    "title": "Metrics",
  },
  {
    "depth": 1,
    "href": "/metrics",
    "section": undefined,
    "title": "Metrics",
  },
  {
    "depth": 1,
    "href": "/asynchronous-metrics",
    "section": undefined,
    "title": "Async Metrics",
  },
  {
    "depth": 1,
    "href": "/profiler",
    "section": undefined,
    "title": "Profiler",
  },
  {
    "depth": 0,
    "href": "",
    "section": "main",
    "title": "Keeper",
  },
  {
    "depth": 1,
    "href": "/keeper/overview",
    "section": undefined,
    "title": "Overview",
  },
  {
    "depth": 1,
    "href": "/keeper?path=/",
    "section": undefined,
    "title": "Data Browser",
  },
  {
    "depth": 1,
    "href": "/keeper/info",
    "section": undefined,
    "title": "Keeper Info",
  },
  {
    "depth": 1,
    "href": "/keeper/connections",
    "section": undefined,
    "title": "Connections",
  },
  {
    "depth": 1,
    "href": "/keeper/connection-log",
    "section": undefined,
    "title": "Connection Log",
  },
  {
    "depth": 1,
    "href": "/keeper/log",
    "section": undefined,
    "title": "Request Log",
  },
  {
    "depth": 1,
    "href": "/keeper/watches",
    "section": undefined,
    "title": "Watches",
  },
  {
    "depth": 1,
    "href": "/keeper/deep-dive",
    "section": undefined,
    "title": "Keeper Deep-dive",
  },
  {
    "depth": 0,
    "href": "",
    "section": "main",
    "title": "PeerDB",
  },
  {
    "depth": 1,
    "href": "/peerdb",
    "section": undefined,
    "title": "Mirrors",
  },
  {
    "depth": 1,
    "href": "/peerdb/peers",
    "section": undefined,
    "title": "Peers",
  },
  {
    "depth": 0,
    "href": "",
    "section": "others",
    "title": "Security",
  },
  {
    "depth": 1,
    "href": "/security/sessions",
    "section": undefined,
    "title": "Sessions",
  },
  {
    "depth": 1,
    "href": "/security/login-attempts",
    "section": undefined,
    "title": "Login Attempts",
  },
  {
    "depth": 1,
    "href": "/security/audit-log",
    "section": undefined,
    "title": "Audit Log",
  },
  {
    "depth": 1,
    "href": "/users",
    "section": undefined,
    "title": "Users",
  },
  {
    "depth": 1,
    "href": "/roles",
    "section": undefined,
    "title": "Roles",
  },
  {
    "depth": 1,
    "href": "/security/management",
    "section": undefined,
    "title": "RBAC Management",
  },
  {
    "depth": 0,
    "href": "",
    "section": "others",
    "title": "Logs",
  },
  {
    "depth": 1,
    "href": "/logs/text-log",
    "section": undefined,
    "title": "Text Log",
  },
  {
    "depth": 1,
    "href": "/logs/stack-traces",
    "section": undefined,
    "title": "Stack Traces",
  },
  {
    "depth": 1,
    "href": "/logs/crashes",
    "section": undefined,
    "title": "Crashes",
  },
  {
    "depth": 1,
    "href": "/opentelemetry-spans",
    "section": undefined,
    "title": "OpenTelemetry Spans",
  },
  {
    "depth": 0,
    "href": "/billing",
    "section": "footer",
    "title": "Billing",
  },
  {
    "depth": 0,
    "href": "/organization",
    "section": "footer",
    "title": "Organization",
  },
  {
    "depth": 0,
    "href": "/about",
    "section": "footer",
    "title": "About",
  },
  {
    "depth": 0,
    "href": "",
    "section": "others",
    "title": "System",
  },
  {
    "depth": 1,
    "href": "/settings",
    "section": undefined,
    "title": "Settings",
  },
  {
    "depth": 1,
    "href": "/mergetree-settings",
    "section": undefined,
    "title": "MergeTree Settings",
  },
  {
    "depth": 1,
    "href": "/replicated-merge-tree-settings",
    "section": undefined,
    "title": "Replicated MergeTree Settings",
  },
  {
    "depth": 1,
    "href": "/settings-diff",
    "section": undefined,
    "title": "Settings Diff",
  },
  {
    "depth": 1,
    "href": "/disks",
    "section": undefined,
    "title": "Disks",
  },
  {
    "depth": 1,
    "href": "/storage-economics",
    "section": undefined,
    "title": "Storage Economics",
  },
  {
    "depth": 1,
    "href": "/warnings",
    "section": undefined,
    "title": "Warnings",
  },
  {
    "depth": 1,
    "href": "/background-schedule-pool",
    "section": undefined,
    "title": "Background Schedule Pool",
  },
  {
    "depth": 1,
    "href": "/histogram-metrics",
    "section": undefined,
    "title": "Histogram Metrics",
  },
  {
    "depth": 1,
    "href": "/workload-scheduling",
    "section": undefined,
    "title": "Workload Scheduling",
  },
  {
    "depth": 0,
    "href": "",
    "section": "others",
    "title": "Cluster",
  },
  {
    "depth": 1,
    "href": "/clusters",
    "section": undefined,
    "title": "Clusters",
  },
  {
    "depth": 1,
    "href": "/fleet",
    "section": undefined,
    "title": "Fleet Overview",
  },
  {
    "depth": 1,
    "href": "/charts?name=connections-http,connections-interserver",
    "section": undefined,
    "title": "Connections",
  },
  {
    "depth": 0,
    "href": "",
    "section": "others",
    "title": "Operations",
  },
  {
    "depth": 1,
    "href": "/dashboard",
    "section": undefined,
    "title": "Chart Builder",
  },
  {
    "depth": 1,
    "href": "/backups",
    "section": undefined,
    "title": "Backups",
  },
  {
    "depth": 1,
    "href": "/blob-storage-log",
    "section": undefined,
    "title": "Blob Storage Log",
  },
  {
    "depth": 1,
    "href": "/errors",
    "section": undefined,
    "title": "Errors",
  },
  {
    "depth": 1,
    "href": "/page-views",
    "section": undefined,
    "title": "Page Views",
  },
]
`;
